
> melitech_crm@1.0.0 test E:\melitech_crm
> vitest run


[1m[7m[36m RUN [39m[27m[22m [36mv2.1.9 [39m[90mE:/melitech_crm[39m

9:16:09 PM [vite] warning: invalid import "../${routerName}". A file extension must be included in the static part of the import. For example: import(`./foo/${bar}.js`).
  Plugin: vite:dynamic-import-vars
  File: E:/melitech_crm/server/routers/__tests__/persistence.test.ts
 [32mÔ£ô[39m server/__tests__/validationSchemas.test.ts [2m([22m[2m18 tests[22m[2m)[22m[90m 117[2mms[22m[39m
 [32mÔ£ô[39m server/routers/__tests__/auth.test.ts [2m([22m[2m27 tests[22m[2m)[22m[33m 8816[2mms[22m[39m
   [33m[2mÔ£ô[22m[39m Standalone Authentication System[2m > [22mPassword Hashing with bcrypt[2m > [22mshould hash passwords securely [33m2542[2mms[22m[39m
   [33m[2mÔ£ô[22m[39m Standalone Authentication System[2m > [22mPassword Hashing with bcrypt[2m > [22mshould reject incorrect password during verification [33m988[2mms[22m[39m
   [33m[2mÔ£ô[22m[39m Standalone Authentication System[2m > [22mPassword Hashing with bcrypt[2m > [22mshould handle empty passwords [33m1256[2mms[22m[39m
   [33m[2mÔ£ô[22m[39m Standalone Authentication System[2m > [22mPassword Hashing with bcrypt[2m > [22mshould handle very long passwords [33m694[2mms[22m[39m
   [33m[2mÔ£ô[22m[39m Standalone Authentication System[2m > [22mPassword Hashing with bcrypt[2m > [22mshould handle special characters in passwords [33m991[2mms[22m[39m
   [33m[2mÔ£ô[22m[39m Standalone Authentication System[2m > [22mPassword Hashing with bcrypt[2m > [22mshould use consistent salt rounds [33m2257[2mms[22m[39m
stderr | server/routers/__tests__/enhanced-settings.test.ts > Enhanced Settings Functionality > Document Number Formatting > should create and retrieve document number format
[Database] DATABASE_URL not set

stderr | server/routers/__tests__/enhanced-settings.test.ts > Enhanced Settings Functionality > Document Number Formatting > should generate document numbers with custom formatting
[Database] DATABASE_URL not set

stderr | server/routers/__tests__/enhanced-settings.test.ts > Enhanced Settings Functionality > Document Number Formatting > should increment document numbers correctly
[Database] DATABASE_URL not set

stderr | server/routers/__tests__/enhanced-settings.test.ts > Enhanced Settings Functionality > Document Number Formatting > should support different padding sizes
[Database] DATABASE_URL not set

stderr | server/routers/__tests__/enhanced-settings.test.ts > Enhanced Settings Functionality > Document Number Formatting > should support empty prefix
[Database] DATABASE_URL not set

stderr | server/routers/__tests__/enhanced-settings.test.ts > Enhanced Settings Functionality > Document Number Formatting > should reset document number counter
[Database] DATABASE_URL not set

stderr | server/routers/__tests__/enhanced-settings.test.ts > Enhanced Settings Functionality > Document Number Formatting > should reset counter to custom start number
[Database] DATABASE_URL not set

stderr | server/routers/__tests__/enhanced-settings.test.ts > Enhanced Settings Functionality > Default Settings > should create and retrieve default settings
[Database] DATABASE_URL not set

stderr | server/routers/__tests__/enhanced-settings.test.ts > Enhanced Settings Functionality > Default Settings > should get all default settings by category
[Database] DATABASE_URL not set

stderr | server/routers/__tests__/enhanced-settings.test.ts > Enhanced Settings Functionality > Default Settings > should update existing default setting
[Database] DATABASE_URL not set

stderr | server/routers/__tests__/enhanced-settings.test.ts > Enhanced Settings Functionality > Roles and Permissions > should create and retrieve roles
[Database] DATABASE_URL not set

stderr | server/routers/__tests__/enhanced-settings.test.ts > Enhanced Settings Functionality > Roles and Permissions > should create and retrieve permissions
[Database] DATABASE_URL not set

stderr | server/routers/__tests__/enhanced-settings.test.ts > Enhanced Settings Functionality > Roles and Permissions > should assign permission to role
[Database] DATABASE_URL not set

stderr | server/routers/__tests__/enhanced-settings.test.ts > Enhanced Settings Functionality > Roles and Permissions > should remove permission from role
[Database] DATABASE_URL not set

stderr | server/routers/__tests__/enhanced-settings.test.ts > Enhanced Settings Functionality > Roles and Permissions > should handle duplicate permission assignments
[Database] DATABASE_URL not set

stderr | server/routers/__tests__/enhanced-settings.test.ts > Enhanced Settings Functionality > Integration Scenarios > should support complete document numbering workflow
[Database] DATABASE_URL not set

stderr | server/routers/__tests__/enhanced-settings.test.ts > Enhanced Settings Functionality > Integration Scenarios > should support multiple document types independently
[Database] DATABASE_URL not set

 [31mÔØ»[39m server/routers/__tests__/enhanced-settings.test.ts [2m([22m[2m17 tests[22m[2m | [22m[31m17 failed[39m[2m)[22m[90m 148[2mms[22m[39m
[31m   [31m├ù[31m Enhanced Settings Functionality[2m > [22mDocument Number Formatting[2m > [22mshould create and retrieve document number format[90m 76[2mms[22m[31m[39m
[31m     ÔåÆ Database not available[39m
[31m   [31m├ù[31m Enhanced Settings Functionality[2m > [22mDocument Number Formatting[2m > [22mshould generate document numbers with custom formatting[90m 2[2mms[22m[31m[39m
[31m     ÔåÆ Database not available[39m
[31m   [31m├ù[31m Enhanced Settings Functionality[2m > [22mDocument Number Formatting[2m > [22mshould increment document numbers correctly[90m 2[2mms[22m[31m[39m
[31m     ÔåÆ Database not available[39m
[31m   [31m├ù[31m Enhanced Settings Functionality[2m > [22mDocument Number Formatting[2m > [22mshould support different padding sizes[90m 2[2mms[22m[31m[39m
[31m     ÔåÆ Database not available[39m
[31m   [31m├ù[31m Enhanced Settings Functionality[2m > [22mDocument Number Formatting[2m > [22mshould support empty prefix[90m 2[2mms[22m[31m[39m
[31m     ÔåÆ Database not available[39m
[31m   [31m├ù[31m Enhanced Settings Functionality[2m > [22mDocument Number Formatting[2m > [22mshould reset document number counter[90m 1[2mms[22m[31m[39m
[31m     ÔåÆ Database not available[39m
[31m   [31m├ù[31m Enhanced Settings Functionality[2m > [22mDocument Number Formatting[2m > [22mshould reset counter to custom start number[90m 1[2mms[22m[31m[39m
[31m     ÔåÆ Database not available[39m
[31m   [31m├ù[31m Enhanced Settings Functionality[2m > [22mDefault Settings[2m > [22mshould create and retrieve default settings[90m 2[2mms[22m[31m[39m
[31m     ÔåÆ Database not available[39m
[31m   [31m├ù[31m Enhanced Settings Functionality[2m > [22mDefault Settings[2m > [22mshould get all default settings by category[90m 2[2mms[22m[31m[39m
[31m     ÔåÆ Database not available[39m
[31m   [31m├ù[31m Enhanced Settings Functionality[2m > [22mDefault Settings[2m > [22mshould update existing default setting[90m 2[2mms[22m[31m[39m
[31m     ÔåÆ Database not available[39m
[31m   [31m├ù[31m Enhanced Settings Functionality[2m > [22mRoles and Permissions[2m > [22mshould create and retrieve roles[90m 2[2mms[22m[31m[39m
[31m     ÔåÆ Database not available[39m
[31m   [31m├ù[31m Enhanced Settings Functionality[2m > [22mRoles and Permissions[2m > [22mshould create and retrieve permissions[90m 40[2mms[22m[31m[39m
[31m     ÔåÆ Database not available[39m
[31m   [31m├ù[31m Enhanced Settings Functionality[2m > [22mRoles and Permissions[2m > [22mshould assign permission to role[90m 1[2mms[22m[31m[39m
[31m     ÔåÆ Database not available[39m
[31m   [31m├ù[31m Enhanced Settings Functionality[2m > [22mRoles and Permissions[2m > [22mshould remove permission from role[90m 1[2mms[22m[31m[39m
[31m     ÔåÆ Database not available[39m
[31m   [31m├ù[31m Enhanced Settings Functionality[2m > [22mRoles and Permissions[2m > [22mshould handle duplicate permission assignments[90m 1[2mms[22m[31m[39m
[31m     ÔåÆ Database not available[39m
[31m   [31m├ù[31m Enhanced Settings Functionality[2m > [22mIntegration Scenarios[2m > [22mshould support complete document numbering workflow[90m 3[2mms[22m[31m[39m
[31m     ÔåÆ Database not available[39m
[31m   [31m├ù[31m Enhanced Settings Functionality[2m > [22mIntegration Scenarios[2m > [22mshould support multiple document types independently[90m 2[2mms[22m[31m[39m
[31m     ÔåÆ Database not available[39m
 [31mÔØ»[39m server/routers/__tests__/settings.test.ts [2m([22m[2m20 tests[22m[2m | [22m[31m15 failed[39m[2m)[22m[90m 187[2mms[22m[39m
[31m   [31m├ù[31m Settings Router - Document Numbering[2m > [22mgetNextDocumentNumber[2m > [22mshould generate the first invoice number with default prefix[90m 28[2mms[22m[31m[39m
[31m     ÔåÆ expected undefined to be 'INV-000001' // Object.is equality[39m
[31m   [31m├ù[31m Settings Router - Document Numbering[2m > [22mgetNextDocumentNumber[2m > [22mshould increment invoice number correctly[90m 3[2mms[22m[31m[39m
[31m     ÔåÆ expected undefined to be 'INV-000005' // Object.is equality[39m
[31m   [31m├ù[31m Settings Router - Document Numbering[2m > [22mgetNextDocumentNumber[2m > [22mshould generate estimate numbers with EST- prefix[90m 2[2mms[22m[31m[39m
[31m     ÔåÆ expected undefined to be 'EST-000001' // Object.is equality[39m
[31m   [31m├ù[31m Settings Router - Document Numbering[2m > [22mgetNextDocumentNumber[2m > [22mshould generate receipt numbers with REC- prefix[90m 2[2mms[22m[31m[39m
[31m     ÔåÆ expected undefined to be 'REC-000001' // Object.is equality[39m
[31m   [31m├ù[31m Settings Router - Document Numbering[2m > [22mgetNextDocumentNumber[2m > [22mshould generate proposal numbers with PROP- prefix[90m 7[2mms[22m[31m[39m
[31m     ÔåÆ expected undefined to be 'PROP-000001' // Object.is equality[39m
[31m   [31m├ù[31m Settings Router - Document Numbering[2m > [22mgetNextDocumentNumber[2m > [22mshould generate expense numbers with EXP- prefix[90m 2[2mms[22m[31m[39m
[31m     ÔåÆ expected undefined to be 'EXP-000001' // Object.is equality[39m
[31m   [31m├ù[31m Settings Router - Document Numbering[2m > [22mgetNextDocumentNumber[2m > [22mshould handle custom prefix[90m 2[2mms[22m[31m[39m
[31m     ÔåÆ expected undefined to be 'CUSTOM-000010' // Object.is equality[39m
[31m   [31m├ù[31m Settings Router - Document Numbering[2m > [22mgetNextDocumentNumber[2m > [22mshould pad numbers with leading zeros[90m 2[2mms[22m[31m[39m
[31m     ÔåÆ expected undefined to be 'INV-000999' // Object.is equality[39m
[31m   [31m├ù[31m Settings Router - Document Numbering[2m > [22mgetNextDocumentNumber[2m > [22mshould handle large numbers[90m 2[2mms[22m[31m[39m
[31m     ÔåÆ expected undefined to be 'INV-1000000' // Object.is equality[39m
[31m   [31m├ù[31m Settings Router - Document Numbering[2m > [22mresetDocumentNumberCounter[2m > [22mshould reset counter to 1 by default[90m 8[2mms[22m[31m[39m
[31m     ÔåÆ expected "spy" to be called with arguments: [ 'invoice_next', '1', ÔÇª(1) ][90m

Received: 

[31m[90m

Number of calls: [1m0[22m
[31m[39m
[31m   [31m├ù[31m Settings Router - Document Numbering[2m > [22mresetDocumentNumberCounter[2m > [22mshould reset counter to custom start number[90m 2[2mms[22m[31m[39m
[31m     ÔåÆ expected "spy" to be called with arguments: [ 'invoice_next', '100', ÔÇª(1) ][90m

Received: 

[31m[90m

Number of calls: [1m0[22m
[31m[39m
[31m   [31m├ù[31m Settings Router - Document Numbering[2m > [22mgetDocumentNumberingSettings[2m > [22mshould return all document numbering settings[90m 91[2mms[22m[31m[39m
[31m     ÔåÆ expected undefined to deeply equal { invoice_prefix: 'INV-', ÔÇª(3) }[39m
[31m   [31m├ù[31m Settings Router - Document Numbering[2m > [22mgetDocumentNumberingSettings[2m > [22mshould return empty object when no settings found[90m 4[2mms[22m[31m[39m
[31m     ÔåÆ expected undefined to deeply equal {}[39m
[31m   [31m├ù[31m Settings Router - Document Numbering[2m > [22mgetSetting[2m > [22mshould retrieve a setting by key[90m 4[2mms[22m[31m[39m
[31m     ÔåÆ expected null to deeply equal { id: 'set_123', ÔÇª(2) }[39m
[31m   [31m├ù[31m Settings Router - Document Numbering[2m > [22mgetSettingsByCategory[2m > [22mshould retrieve all settings in a category[90m 17[2mms[22m[31m[39m
[31m     ÔåÆ expected [ ÔÇª(4) ] to deeply equal [ { id: 'set_1', ÔÇª(3) }, ÔÇª(1) ][39m
 [31mÔØ»[39m server/routers/__tests__/persistence.test.ts [2m([22m[2m27 tests[22m[2m | [22m[31m1 failed[39m[2m)[22m[33m 17822[2mms[22m[39m
[31m   [31m├ù[31m Module Persistence & Backend Connectivity[2m > [22mCore Module Imports[2m > [22mshould import all 26 routers successfully[33m 6294[2mms[22m[31m[39m
[31m     ÔåÆ Test timed out in 5000ms.
If this is a long-running test, pass a timeout value as the last argument or configure it globally with "testTimeout".[39m
   [33m[2mÔ£ô[22m[39m Module Persistence & Backend Connectivity[2m > [22mFinancial Modules - Persistence[2m > [22mExpenses module should have persistence procedures [33m1677[2mms[22m[39m
   [33m[2mÔ£ô[22m[39m Module Persistence & Backend Connectivity[2m > [22mFinancial Modules - Persistence[2m > [22mInvoices module should have persistence procedures [33m2946[2mms[22m[39m
   [33m[2mÔ£ô[22m[39m Module Persistence & Backend Connectivity[2m > [22mFinancial Modules - Persistence[2m > [22mEstimates module should have persistence procedures [33m799[2mms[22m[39m
   [33m[2mÔ£ô[22m[39m Module Persistence & Backend Connectivity[2m > [22mCRM Modules - Persistence[2m > [22mProjects module should have persistence procedures [33m691[2mms[22m[39m
   [33m[2mÔ£ô[22m[39m Module Persistence & Backend Connectivity[2m > [22mCRM Modules - Persistence[2m > [22mOpportunities module should have persistence procedures [33m551[2mms[22m[39m
   [33m[2mÔ£ô[22m[39m Module Persistence & Backend Connectivity[2m > [22mHR Modules - Persistence[2m > [22mEmployees module should have persistence procedures [33m511[2mms[22m[39m
   [33m[2mÔ£ô[22m[39m Module Persistence & Backend Connectivity[2m > [22mHR Modules - Persistence[2m > [22mLeave module should have persistence procedures [33m457[2mms[22m[39m
   [33m[2mÔ£ô[22m[39m Module Persistence & Backend Connectivity[2m > [22mHR Modules - Persistence[2m > [22mPayroll module should have persistence procedures [33m1059[2mms[22m[39m
   [33m[2mÔ£ô[22m[39m Module Persistence & Backend Connectivity[2m > [22mInventory Modules - Persistence[2m > [22mProducts module should have persistence procedures [33m453[2mms[22m[39m
   [33m[2mÔ£ô[22m[39m Module Persistence & Backend Connectivity[2m > [22mInventory Modules - Persistence[2m > [22mServices module should have persistence procedures [33m552[2mms[22m[39m
   [33m[2mÔ£ô[22m[39m Module Persistence & Backend Connectivity[2m > [22mAdvanced Features - Search & Filter[2m > [22mSavedFilters module should support advanced filtering [33m547[2mms[22m[39m
   [33m[2mÔ£ô[22m[39m Module Persistence & Backend Connectivity[2m > [22mSystem Modules[2m > [22mUsers module should have user management procedures [33m792[2mms[22m[39m
 [31mÔØ»[39m server/routers/__tests__/modules.test.ts [2m([22m[2m42 tests[22m[2m | [22m[31m2 failed[39m[2m)[22m[90m 132[2mms[22m[39m
[31m   [31m├ù[31m Module Backend Connectivity[2m > [22mExpenses Module[2m > [22mshould have byStatus procedure[90m 13[2mms[22m[31m[39m
[31m     ÔåÆ expected undefined to be defined[39m
[31m   [31m├ù[31m Module Backend Connectivity[2m > [22mAdditional Query Procedures[2m > [22mExpenses should have byStatus query[90m 2[2mms[22m[31m[39m
[31m     ÔåÆ expected undefined to be defined[39m
 [32mÔ£ô[39m server/routers/__tests__/settings.integration.test.ts [2m([22m[2m23 tests[22m[2m)[22m[90m 26[2mms[22m[39m
 [31mÔØ»[39m server/routers/__tests__/advanced-features.test.ts [2m([22m[2m23 tests[22m[2m | [22m[31m1 failed[39m[2m)[22m[33m 9067[2mms[22m[39m
[31m   [31m├ù[31m Advanced Features - Search & Filtering[2m > [22mSearch Router[2m > [22mshould import search router successfully[33m 5219[2mms[22m[31m[39m
[31m     ÔåÆ Test timed out in 5000ms.
If this is a long-running test, pass a timeout value as the last argument or configure it globally with "testTimeout".[39m
   [33m[2mÔ£ô[22m[39m Advanced Features - Search & Filtering[2m > [22mIntegration with Core Modules[2m > [22mappRouter should be properly configured [33m3534[2mms[22m[39m
stderr | server/routers/__tests__/advanced-features-complete.test.ts > Advanced Features - Analytics, Document Management, and Export
[Database] DATABASE_URL not set

 [32mÔ£ô[39m server/routers/__tests__/advanced-features-complete.test.ts [2m([22m[2m47 tests[22m[2m)[22m[90m 110[2mms[22m[39m
 [31mÔØ»[39m server/routers/__tests__/modules-simple.test.ts [2m([22m[2m17 tests[22m[2m | [22m[31m2 failed[39m[2m)[22m[33m 7841[2mms[22m[39m
[31m   [31m├ù[31m Module Backend Connectivity - Verification[2m > [22mModule Exports[2m > [22mshould be able to import expenses router[33m 5237[2mms[22m[31m[39m
[31m     ÔåÆ Test timed out in 5000ms.
If this is a long-running test, pass a timeout value as the last argument or configure it globally with "testTimeout".[39m
   [33m[2mÔ£ô[22m[39m Module Backend Connectivity - Verification[2m > [22mModule Exports[2m > [22mshould be able to import payments router [33m674[2mms[22m[39m
[31m   [31m├ù[31m Module Backend Connectivity - Verification[2m > [22mExpenses Module Structure[2m > [22mshould have all required procedures[90m 11[2mms[22m[31m[39m
[31m     ÔåÆ expected undefined to be defined[39m
   [33m[2mÔ£ô[22m[39m Module Backend Connectivity - Verification[2m > [22mModule Registration in Main Router[2m > [22mappRouter should be properly defined [33m1736[2mms[22m[39m
stderr | server/routers/__tests__/document-generation.test.ts > Document Number Generation > getNextDocumentNumber > should generate invoice number with default prefix
[Database] DATABASE_URL not set

stderr | server/routers/__tests__/document-generation.test.ts > Document Number Generation > getNextDocumentNumber > should generate estimate number with default prefix
[Database] DATABASE_URL not set

stderr | server/routers/__tests__/document-generation.test.ts > Document Number Generation > getNextDocumentNumber > should generate receipt number with default prefix
[Database] DATABASE_URL not set

stderr | server/routers/__tests__/document-generation.test.ts > Document Number Generation > getNextDocumentNumber > should generate proposal number with default prefix
[Database] DATABASE_URL not set
 [31mÔØ»[39m server/routers/__tests__/document-generation.test.ts [2m([22m[2m13 tests[22m[2m | [22m[31m13 failed[39m[2m)[22m[90m 105[2mms[22m[39m
[31m   [31m├ù[31m Document Number Generation[2m > [22mgetNextDocumentNumber[2m > [22mshould generate invoice number with default prefix[90m 71[2mms[22m[31m[39m
[31m     ÔåÆ Database not available[39m
[31m   [31m├ù[31m Document Number Generation[2m > [22mgetNextDocumentNumber[2m > [22mshould generate estimate number with default prefix[90m 2[2mms[22m[31m[39m
[31m     ÔåÆ Database not available[39m
[31m   [31m├ù[31m Document Number Generation[2m > [22mgetNextDocumentNumber[2m > [22mshould generate receipt number with default prefix[90m 6[2mms[22m[31m[39m
[31m     ÔåÆ Database not available[39m
[31m   [31m├ù[31m Document Number Generation[2m > [22mgetNextDocumentNumber[2m > [22mshould generate proposal number with default prefix[90m 3[2mms[22m[31m[39m
[31m     ÔåÆ Database not available[39m

stderr | server/routers/__tests__/document-generation.test.ts > Document Number Generation > getNextDocumentNumber > should generate expense number with default prefix
[Database] DATABASE_URL not set

stderr | server/routers/__tests__/document-generation.test.ts > Document Number Generation > getNextDocumentNumber > should increment document numbers sequentially
[Database] DATABASE_URL not set

stderr | server/routers/__tests__/document-generation.test.ts > Document Number Generation > getNextDocumentNumber > should use custom prefix if set
[Database] DATABASE_URL not set

stderr | server/routers/__tests__/document-generation.test.ts > Document Number Generation > getNextDocumentNumber > should handle multiple document types independently
[31m   [31m├ù[31m Document Number Generation[2m > [22mgetNextDocumentNumber[2m > [22mshould generate expense number with default prefix[90m 2[2mms[22m[31m[39m
[31m     ÔåÆ Database not available[39m
[31m   [31m├ù[31m Document Number Generation[2m > [22mgetNextDocumentNumber[2m > [22mshould increment document numbers sequentially[90m 1[2mms[22m[31m[39m
[31m     ÔåÆ Database not available[39m
[31m   [31m├ù[31m Document Number Generation[2m > [22mgetNextDocumentNumber[2m > [22mshould use custom prefix if set[90m 1[2mms[22m[31m[39m
[31m     ÔåÆ Database not available[39m
[31m   [31m├ù[31m Document Number Generation[2m > [22mgetNextDocumentNumber[2m > [22mshould handle multiple document types independently[90m 1[2mms[22m[31m[39m
[31m     ÔåÆ Database not available[39m
[31m   [31m├ù[31m Document Number Generation[2m > [22mgetNextDocumentNumberWithFormat[2m > [22mshould use custom format if available[90m 4[2mms[22m[31m[39m
[31m     ÔåÆ Database not available[39m
[Database] DATABASE_URL not set

[31m   [31m├ù[31m Document Number Generation[2m > [22mgetNextDocumentNumberWithFormat[2m > [22mshould fall back to default if format not set[90m 2[2mms[22m[31m[39m
[31m     ÔåÆ Database not available[39m
[31m   [31m├ù[31m Document Number Generation[2m > [22mEdge Cases[2m > [22mshould handle large document numbers[90m 3[2mms[22m[31m[39m
[31m     ÔåÆ Database not available[39m
[31m   [31m├ù[31m Document Number Generation[2m > [22mEdge Cases[2m > [22mshould handle invalid next number gracefully[90m 3[2mms[22m[31m[39m
[31m     ÔåÆ Database not available[39m
[31m   [31m├ù[31m Document Number Generation[2m > [22mEdge Cases[2m > [22mshould generate numbers with zero padding[90m 1[2mms[22m[31m[39m
[31m     ÔåÆ Database not available[39m
stderr | server/routers/__tests__/document-generation.test.ts > Document Number Generation > getNextDocumentNumberWithFormat > should use custom format if available
[Database] DATABASE_URL not set

stderr | server/routers/__tests__/document-generation.test.ts > Document Number Generation > getNextDocumentNumberWithFormat > should fall back to default if format not set
[Database] DATABASE_URL not set

stderr | server/routers/__tests__/document-generation.test.ts > Document Number Generation > Edge Cases > should handle large document numbers
[Database] DATABASE_URL not set

stderr | server/routers/__tests__/document-generation.test.ts > Document Number Generation > Edge Cases > should handle invalid next number gracefully
[Database] DATABASE_URL not set

stderr | server/routers/__tests__/document-generation.test.ts > Document Number Generation > Edge Cases > should generate numbers with zero padding
[Database] DATABASE_URL not set


ÔÄ»ÔÄ»ÔÄ»ÔÄ»ÔÄ»ÔÄ» Failed Tests 51 ÔÄ»ÔÄ»ÔÄ»ÔÄ»ÔÄ»ÔÄ»ÔÄ»

 FAIL  server/routers/__tests__/advanced-features.test.ts > Advanced Features - Search & Filtering > Search Router > should import search router successfully
 FAIL  server/routers/__tests__/modules-simple.test.ts > Module Backend Connectivity - Verification > Module Exports > should be able to import expenses router
 FAIL  server/routers/__tests__/persistence.test.ts > Module Persistence & Backend Connectivity > Core Module Imports > should import all 26 routers successfully
Error: Test timed out in 5000ms.
If this is a long-running test, pass a timeout value as the last argument or configure it globally with "testTimeout".
ÔÄ»ÔÄ»ÔÄ»ÔÄ»ÔÄ»ÔÄ»ÔÄ»ÔÄ»ÔÄ»ÔÄ»ÔÄ»ÔÄ»ÔÄ»ÔÄ»ÔÄ»ÔÄ»ÔÄ»ÔÄ»ÔÄ»ÔÄ»ÔÄ»ÔÄ»ÔÄ»[1/51]ÔÄ»

 FAIL  server/routers/__tests__/document-generation.test.ts > Document Number Generation > getNextDocumentNumber > should generate invoice number with default prefix
Error: Database not available
 ÔØ» Module.getNextDocumentNumber server/db.ts:643:18
    641| export async function getNextDocumentNumber(documentType: string): ProÔÇª
    642|   const db = await getDb();
    643|   if (!db) throw new Error("Database not available");
       |                  ^
    644|   
    645|   const prefixKey = `${documentType}_prefix`;
 ÔØ» server/routers/__tests__/document-generation.test.ts:7:22

ÔÄ»ÔÄ»ÔÄ»ÔÄ»ÔÄ»ÔÄ»ÔÄ»ÔÄ»ÔÄ»ÔÄ»ÔÄ»ÔÄ»ÔÄ»ÔÄ»ÔÄ»ÔÄ»ÔÄ»ÔÄ»ÔÄ»ÔÄ»ÔÄ»ÔÄ»ÔÄ»[2/51]ÔÄ»

 FAIL  server/routers/__tests__/document-generation.test.ts > Document Number Generation > getNextDocumentNumber > should generate estimate number with default prefix
Error: Database not available
 ÔØ» Module.getNextDocumentNumber server/db.ts:643:18
    641| export async function getNextDocumentNumber(documentType: string): ProÔÇª
    642|   const db = await getDb();
    643|   if (!db) throw new Error("Database not available");
       |                  ^
    644|   
    645|   const prefixKey = `${documentType}_prefix`;
 ÔØ» server/routers/__tests__/document-generation.test.ts:13:22

ÔÄ»ÔÄ»ÔÄ»ÔÄ»ÔÄ»ÔÄ»ÔÄ»ÔÄ»ÔÄ»ÔÄ»ÔÄ»ÔÄ»ÔÄ»ÔÄ»ÔÄ»ÔÄ»ÔÄ»ÔÄ»ÔÄ»ÔÄ»ÔÄ»ÔÄ»ÔÄ»[3/51]ÔÄ»

 FAIL  server/routers/__tests__/document-generation.test.ts > Document Number Generation > getNextDocumentNumber > should generate receipt number with default prefix
Error: Database not available
 ÔØ» Module.getNextDocumentNumber server/db.ts:643:18
    641| export async function getNextDocumentNumber(documentType: string): ProÔÇª
    642|   const db = await getDb();
    643|   if (!db) throw new Error("Database not available");
       |                  ^
    644|   
    645|   const prefixKey = `${documentType}_prefix`;
 ÔØ» server/routers/__tests__/document-generation.test.ts:19:22

ÔÄ»ÔÄ»ÔÄ»ÔÄ»ÔÄ»ÔÄ»ÔÄ»ÔÄ»ÔÄ»ÔÄ»ÔÄ»ÔÄ»ÔÄ»ÔÄ»ÔÄ»ÔÄ»ÔÄ»ÔÄ»ÔÄ»ÔÄ»ÔÄ»ÔÄ»ÔÄ»[4/51]ÔÄ»

 FAIL  server/routers/__tests__/document-generation.test.ts > Document Number Generation > getNextDocumentNumber > should generate proposal number with default prefix
Error: Database not available
 ÔØ» Module.getNextDocumentNumber server/db.ts:643:18
    641| export async function getNextDocumentNumber(documentType: string): ProÔÇª
    642|   const db = await getDb();
    643|   if (!db) throw new Error("Database not available");
       |                  ^
    644|   
    645|   const prefixKey = `${documentType}_prefix`;
 ÔØ» server/routers/__tests__/document-generation.test.ts:25:22

ÔÄ»ÔÄ»ÔÄ»ÔÄ»ÔÄ»ÔÄ»ÔÄ»ÔÄ»ÔÄ»ÔÄ»ÔÄ»ÔÄ»ÔÄ»ÔÄ»ÔÄ»ÔÄ»ÔÄ»ÔÄ»ÔÄ»ÔÄ»ÔÄ»ÔÄ»ÔÄ»[5/51]ÔÄ»

 FAIL  server/routers/__tests__/document-generation.test.ts > Document Number Generation > getNextDocumentNumber > should generate expense number with default prefix
Error: Database not available
 ÔØ» Module.getNextDocumentNumber server/db.ts:643:18
    641| export async function getNextDocumentNumber(documentType: string): ProÔÇª
    642|   const db = await getDb();
    643|   if (!db) throw new Error("Database not available");
       |                  ^
    644|   
    645|   const prefixKey = `${documentType}_prefix`;
 ÔØ» server/routers/__tests__/document-generation.test.ts:31:22

ÔÄ»ÔÄ»ÔÄ»ÔÄ»ÔÄ»ÔÄ»ÔÄ»ÔÄ»ÔÄ»ÔÄ»ÔÄ»ÔÄ»ÔÄ»ÔÄ»ÔÄ»ÔÄ»ÔÄ»ÔÄ»ÔÄ»ÔÄ»ÔÄ»ÔÄ»ÔÄ»[6/51]ÔÄ»

 FAIL  server/routers/__tests__/document-generation.test.ts > Document Number Generation > getNextDocumentNumber > should increment document numbers sequentially
Error: Database not available
 ÔØ» Module.getNextDocumentNumber server/db.ts:643:18
    641| export async function getNextDocumentNumber(documentType: string): ProÔÇª
    642|   const db = await getDb();
    643|   if (!db) throw new Error("Database not available");
       |                  ^
    644|   
    645|   const prefixKey = `${documentType}_prefix`;
 ÔØ» server/routers/__tests__/document-generation.test.ts:37:20

ÔÄ»ÔÄ»ÔÄ»ÔÄ»ÔÄ»ÔÄ»ÔÄ»ÔÄ»ÔÄ»ÔÄ»ÔÄ»ÔÄ»ÔÄ»ÔÄ»ÔÄ»ÔÄ»ÔÄ»ÔÄ»ÔÄ»ÔÄ»ÔÄ»ÔÄ»ÔÄ»[7/51]ÔÄ»

 FAIL  server/routers/__tests__/document-generation.test.ts > Document Number Generation > getNextDocumentNumber > should use custom prefix if set
Error: Database not available
 ÔØ» Module.setSetting server/db.ts:592:18
    590| ) {
    591|   const db = await getDb();
    592|   if (!db) throw new Error("Database not available");
       |                  ^
    593|   
    594|   const id = `set_${Date.now()}_${Math.random().toString(36).substr(2,ÔÇª
 ÔØ» server/routers/__tests__/document-generation.test.ts:56:7

ÔÄ»ÔÄ»ÔÄ»ÔÄ»ÔÄ»ÔÄ»ÔÄ»ÔÄ»ÔÄ»ÔÄ»ÔÄ»ÔÄ»ÔÄ»ÔÄ»ÔÄ»ÔÄ»ÔÄ»ÔÄ»ÔÄ»ÔÄ»ÔÄ»ÔÄ»ÔÄ»[8/51]ÔÄ»

 FAIL  server/routers/__tests__/document-generation.test.ts > Document Number Generation > getNextDocumentNumber > should handle multiple document types independently
Error: Database not available
 ÔØ» Module.getNextDocumentNumber server/db.ts:643:18
    641| export async function getNextDocumentNumber(documentType: string): ProÔÇª
    642|   const db = await getDb();
    643|   if (!db) throw new Error("Database not available");
       |                  ^
    644|   
    645|   const prefixKey = `${documentType}_prefix`;
 ÔØ» server/routers/__tests__/document-generation.test.ts:63:23

ÔÄ»ÔÄ»ÔÄ»ÔÄ»ÔÄ»ÔÄ»ÔÄ»ÔÄ»ÔÄ»ÔÄ»ÔÄ»ÔÄ»ÔÄ»ÔÄ»ÔÄ»ÔÄ»ÔÄ»ÔÄ»ÔÄ»ÔÄ»ÔÄ»ÔÄ»ÔÄ»[9/51]ÔÄ»

 FAIL  server/routers/__tests__/document-generation.test.ts > Document Number Generation > getNextDocumentNumberWithFormat > should use custom format if available
Error: Database not available
 ÔØ» Module.updateDocumentNumberFormat server/db.ts:735:18
    733| ) {
    734|   const db = await getDb();
    735|   if (!db) throw new Error("Database not available");
       |                  ^
    736|   
    737|   try {
 ÔØ» server/routers/__tests__/document-generation.test.ts:75:7

ÔÄ»ÔÄ»ÔÄ»ÔÄ»ÔÄ»ÔÄ»ÔÄ»ÔÄ»ÔÄ»ÔÄ»ÔÄ»ÔÄ»ÔÄ»ÔÄ»ÔÄ»ÔÄ»ÔÄ»ÔÄ»ÔÄ»ÔÄ»ÔÄ»ÔÄ»[10/51]ÔÄ»

 FAIL  server/routers/__tests__/document-generation.test.ts > Document Number Generation > getNextDocumentNumberWithFormat > should fall back to default if format not set
Error: Database not available
 ÔØ» Module.getNextDocumentNumberWithFormat server/db.ts:778:18
    776| export async function getNextDocumentNumberWithFormat(documentType: stÔÇª
    777|   const db = await getDb();
    778|   if (!db) throw new Error("Database not available");
       |                  ^
    779|   
    780|   const format = await getDocumentNumberFormat(documentType);
 ÔØ» server/routers/__tests__/document-generation.test.ts:86:22

ÔÄ»ÔÄ»ÔÄ»ÔÄ»ÔÄ»ÔÄ»ÔÄ»ÔÄ»ÔÄ»ÔÄ»ÔÄ»ÔÄ»ÔÄ»ÔÄ»ÔÄ»ÔÄ»ÔÄ»ÔÄ»ÔÄ»ÔÄ»ÔÄ»ÔÄ»[11/51]ÔÄ»

 FAIL  server/routers/__tests__/document-generation.test.ts > Document Number Generation > Edge Cases > should handle large document numbers
Error: Database not available
 ÔØ» Module.setSetting server/db.ts:592:18
    590| ) {
    591|   const db = await getDb();
    592|   if (!db) throw new Error("Database not available");
       |                  ^
    593|   
    594|   const id = `set_${Date.now()}_${Math.random().toString(36).substr(2,ÔÇª
 ÔØ» server/routers/__tests__/document-generation.test.ts:95:7

ÔÄ»ÔÄ»ÔÄ»ÔÄ»ÔÄ»ÔÄ»ÔÄ»ÔÄ»ÔÄ»ÔÄ»ÔÄ»ÔÄ»ÔÄ»ÔÄ»ÔÄ»ÔÄ»ÔÄ»ÔÄ»ÔÄ»ÔÄ»ÔÄ»ÔÄ»[12/51]ÔÄ»

 FAIL  server/routers/__tests__/document-generation.test.ts > Document Number Generation > Edge Cases > should handle invalid next number gracefully
Error: Database not available
 ÔØ» Module.setSetting server/db.ts:592:18
    590| ) {
    591|   const db = await getDb();
    592|   if (!db) throw new Error("Database not available");
       |                  ^
    593|   
    594|   const id = `set_${Date.now()}_${Math.random().toString(36).substr(2,ÔÇª
 ÔØ» server/routers/__tests__/document-generation.test.ts:103:7

ÔÄ»ÔÄ»ÔÄ»ÔÄ»ÔÄ»ÔÄ»ÔÄ»ÔÄ»ÔÄ»ÔÄ»ÔÄ»ÔÄ»ÔÄ»ÔÄ»ÔÄ»ÔÄ»ÔÄ»ÔÄ»ÔÄ»ÔÄ»ÔÄ»ÔÄ»[13/51]ÔÄ»

 FAIL  server/routers/__tests__/document-generation.test.ts > Document Number Generation > Edge Cases > should generate numbers with zero padding
Error: Database not available
 ÔØ» Module.setSetting server/db.ts:592:18
    590| ) {
    591|   const db = await getDb();
    592|   if (!db) throw new Error("Database not available");
       |                  ^
    593|   
    594|   const id = `set_${Date.now()}_${Math.random().toString(36).substr(2,ÔÇª
 ÔØ» server/routers/__tests__/document-generation.test.ts:112:7

ÔÄ»ÔÄ»ÔÄ»ÔÄ»ÔÄ»ÔÄ»ÔÄ»ÔÄ»ÔÄ»ÔÄ»ÔÄ»ÔÄ»ÔÄ»ÔÄ»ÔÄ»ÔÄ»ÔÄ»ÔÄ»ÔÄ»ÔÄ»ÔÄ»ÔÄ»[14/51]ÔÄ»

 FAIL  server/routers/__tests__/enhanced-settings.test.ts > Enhanced Settings Functionality > Document Number Formatting > should create and retrieve document number format
Error: Database not available
 ÔØ» Module.updateDocumentNumberFormat server/db.ts:735:18
    733| ) {
    734|   const db = await getDb();
    735|   if (!db) throw new Error("Database not available");
       |                  ^
    736|   
    737|   try {
 ÔØ» server/routers/__tests__/enhanced-settings.test.ts:7:18

ÔÄ»ÔÄ»ÔÄ»ÔÄ»ÔÄ»ÔÄ»ÔÄ»ÔÄ»ÔÄ»ÔÄ»ÔÄ»ÔÄ»ÔÄ»ÔÄ»ÔÄ»ÔÄ»ÔÄ»ÔÄ»ÔÄ»ÔÄ»ÔÄ»ÔÄ»[15/51]ÔÄ»

 FAIL  server/routers/__tests__/enhanced-settings.test.ts > Enhanced Settings Functionality > Document Number Formatting > should generate document numbers with custom formatting
Error: Database not available
 ÔØ» Module.updateDocumentNumberFormat server/db.ts:735:18
    733| ) {
    734|   const db = await getDb();
    735|   if (!db) throw new Error("Database not available");
       |                  ^
    736|   
    737|   try {
 ÔØ» server/routers/__tests__/enhanced-settings.test.ts:23:7

ÔÄ»ÔÄ»ÔÄ»ÔÄ»ÔÄ»ÔÄ»ÔÄ»ÔÄ»ÔÄ»ÔÄ»ÔÄ»ÔÄ»ÔÄ»ÔÄ»ÔÄ»ÔÄ»ÔÄ»ÔÄ»ÔÄ»ÔÄ»ÔÄ»ÔÄ»[16/51]ÔÄ»

 FAIL  server/routers/__tests__/enhanced-settings.test.ts > Enhanced Settings Functionality > Document Number Formatting > should increment document numbers correctly
Error: Database not available
 ÔØ» Module.updateDocumentNumberFormat server/db.ts:735:18
    733| ) {
    734|   const db = await getDb();
    735|   if (!db) throw new Error("Database not available");
       |                  ^
    736|   
    737|   try {
 ÔØ» server/routers/__tests__/enhanced-settings.test.ts:35:7

ÔÄ»ÔÄ»ÔÄ»ÔÄ»ÔÄ»ÔÄ»ÔÄ»ÔÄ»ÔÄ»ÔÄ»ÔÄ»ÔÄ»ÔÄ»ÔÄ»ÔÄ»ÔÄ»ÔÄ»ÔÄ»ÔÄ»ÔÄ»ÔÄ»ÔÄ»[17/51]ÔÄ»

 FAIL  server/routers/__tests__/enhanced-settings.test.ts > Enhanced Settings Functionality > Document Number Formatting > should support different padding sizes
Error: Database not available
 ÔØ» Module.updateDocumentNumberFormat server/db.ts:735:18
    733| ) {
    734|   const db = await getDb();
    735|   if (!db) throw new Error("Database not available");
       |                  ^
    736|   
    737|   try {
 ÔØ» server/routers/__tests__/enhanced-settings.test.ts:56:9

ÔÄ»ÔÄ»ÔÄ»ÔÄ»ÔÄ»ÔÄ»ÔÄ»ÔÄ»ÔÄ»ÔÄ»ÔÄ»ÔÄ»ÔÄ»ÔÄ»ÔÄ»ÔÄ»ÔÄ»ÔÄ»ÔÄ»ÔÄ»ÔÄ»ÔÄ»[18/51]ÔÄ»

 FAIL  server/routers/__tests__/enhanced-settings.test.ts > Enhanced Settings Functionality > Document Number Formatting > should support empty prefix
Error: Database not available
 ÔØ» Module.updateDocumentNumberFormat server/db.ts:735:18
    733| ) {
    734|   const db = await getDb();
    735|   if (!db) throw new Error("Database not available");
       |                  ^
    736|   
    737|   try {
 ÔØ» server/routers/__tests__/enhanced-settings.test.ts:68:7

ÔÄ»ÔÄ»ÔÄ»ÔÄ»ÔÄ»ÔÄ»ÔÄ»ÔÄ»ÔÄ»ÔÄ»ÔÄ»ÔÄ»ÔÄ»ÔÄ»ÔÄ»ÔÄ»ÔÄ»ÔÄ»ÔÄ»ÔÄ»ÔÄ»ÔÄ»[19/51]ÔÄ»

 FAIL  server/routers/__tests__/enhanced-settings.test.ts > Enhanced Settings Functionality > Document Number Formatting > should reset document number counter
Error: Database not available
 ÔØ» Module.updateDocumentNumberFormat server/db.ts:735:18
    733| ) {
    734|   const db = await getDb();
    735|   if (!db) throw new Error("Database not available");
       |                  ^
    736|   
    737|   try {
 ÔØ» server/routers/__tests__/enhanced-settings.test.ts:79:7

ÔÄ»ÔÄ»ÔÄ»ÔÄ»ÔÄ»ÔÄ»ÔÄ»ÔÄ»ÔÄ»ÔÄ»ÔÄ»ÔÄ»ÔÄ»ÔÄ»ÔÄ»ÔÄ»ÔÄ»ÔÄ»ÔÄ»ÔÄ»ÔÄ»ÔÄ»[20/51]ÔÄ»

 FAIL  server/routers/__tests__/enhanced-settings.test.ts > Enhanced Settings Functionality > Document Number Formatting > should reset counter to custom start number
Error: Database not available
 ÔØ» Module.updateDocumentNumberFormat server/db.ts:735:18
    733| ) {
    734|   const db = await getDb();
    735|   if (!db) throw new Error("Database not available");
       |                  ^
    736|   
    737|   try {
 ÔØ» server/routers/__tests__/enhanced-settings.test.ts:97:7

ÔÄ»ÔÄ»ÔÄ»ÔÄ»ÔÄ»ÔÄ»ÔÄ»ÔÄ»ÔÄ»ÔÄ»ÔÄ»ÔÄ»ÔÄ»ÔÄ»ÔÄ»ÔÄ»ÔÄ»ÔÄ»ÔÄ»ÔÄ»ÔÄ»ÔÄ»[21/51]ÔÄ»

 FAIL  server/routers/__tests__/enhanced-settings.test.ts > Enhanced Settings Functionality > Default Settings > should create and retrieve default settings
Error: Database not available
 ÔØ» Module.setDefaultSetting server/db.ts:862:18
    860| ) {
    861|   const db = await getDb();
    862|   if (!db) throw new Error("Database not available");
       |                  ^
    863|   
    864|   const id = `dset_${Date.now()}_${Math.random().toString(36).substr(2ÔÇª
 ÔØ» server/routers/__tests__/enhanced-settings.test.ts:115:18

ÔÄ»ÔÄ»ÔÄ»ÔÄ»ÔÄ»ÔÄ»ÔÄ»ÔÄ»ÔÄ»ÔÄ»ÔÄ»ÔÄ»ÔÄ»ÔÄ»ÔÄ»ÔÄ»ÔÄ»ÔÄ»ÔÄ»ÔÄ»ÔÄ»ÔÄ»[22/51]ÔÄ»

 FAIL  server/routers/__tests__/enhanced-settings.test.ts > Enhanced Settings Functionality > Default Settings > should get all default settings by category
Error: Database not available
 ÔØ» Module.setDefaultSetting server/db.ts:862:18
    860| ) {
    861|   const db = await getDb();
    862|   if (!db) throw new Error("Database not available");
       |                  ^
    863|   
    864|   const id = `dset_${Date.now()}_${Math.random().toString(36).substr(2ÔÇª
 ÔØ» server/routers/__tests__/enhanced-settings.test.ts:131:7

ÔÄ»ÔÄ»ÔÄ»ÔÄ»ÔÄ»ÔÄ»ÔÄ»ÔÄ»ÔÄ»ÔÄ»ÔÄ»ÔÄ»ÔÄ»ÔÄ»ÔÄ»ÔÄ»ÔÄ»ÔÄ»ÔÄ»ÔÄ»ÔÄ»ÔÄ»[23/51]ÔÄ»

 FAIL  server/routers/__tests__/enhanced-settings.test.ts > Enhanced Settings Functionality > Default Settings > should update existing default setting
Error: Database not available
 ÔØ» Module.setDefaultSetting server/db.ts:862:18
    860| ) {
    861|   const db = await getDb();
    862|   if (!db) throw new Error("Database not available");
       |                  ^
    863|   
    864|   const id = `dset_${Date.now()}_${Math.random().toString(36).substr(2ÔÇª
 ÔØ» server/routers/__tests__/enhanced-settings.test.ts:141:19

ÔÄ»ÔÄ»ÔÄ»ÔÄ»ÔÄ»ÔÄ»ÔÄ»ÔÄ»ÔÄ»ÔÄ»ÔÄ»ÔÄ»ÔÄ»ÔÄ»ÔÄ»ÔÄ»ÔÄ»ÔÄ»ÔÄ»ÔÄ»ÔÄ»ÔÄ»[24/51]ÔÄ»

 FAIL  server/routers/__tests__/enhanced-settings.test.ts > Enhanced Settings Functionality > Roles and Permissions > should create and retrieve roles
Error: Database not available
 ÔØ» Module.createRole server/db.ts:1035:18
    1033| export async function createRole(roleName: string, description?: strinÔÇª
    1034|   const db = await getDb();
    1035|   if (!db) throw new Error("Database not available");
       |                  ^
    1036|   
    1037|   const id = `role_${Date.now()}_${Math.random().toString(36).substr(2ÔÇª
 ÔØ» server/routers/__tests__/enhanced-settings.test.ts:165:22

ÔÄ»ÔÄ»ÔÄ»ÔÄ»ÔÄ»ÔÄ»ÔÄ»ÔÄ»ÔÄ»ÔÄ»ÔÄ»ÔÄ»ÔÄ»ÔÄ»ÔÄ»ÔÄ»ÔÄ»ÔÄ»ÔÄ»ÔÄ»ÔÄ»ÔÄ»[25/51]ÔÄ»

 FAIL  server/routers/__tests__/enhanced-settings.test.ts > Enhanced Settings Functionality > Roles and Permissions > should create and retrieve permissions
Error: Database not available
 ÔØ» Module.createPermission server/db.ts:1050:18
    1048| export async function createPermission(permissionName: string, descripÔÇª
    1049|   const db = await getDb();
    1050|   if (!db) throw new Error("Database not available");
       |                  ^
    1051|   
    1052|   const id = `perm_${Date.now()}_${Math.random().toString(36).substr(2ÔÇª
 ÔØ» server/routers/__tests__/enhanced-settings.test.ts:175:22

ÔÄ»ÔÄ»ÔÄ»ÔÄ»ÔÄ»ÔÄ»ÔÄ»ÔÄ»ÔÄ»ÔÄ»ÔÄ»ÔÄ»ÔÄ»ÔÄ»ÔÄ»ÔÄ»ÔÄ»ÔÄ»ÔÄ»ÔÄ»ÔÄ»ÔÄ»[26/51]ÔÄ»

 FAIL  server/routers/__tests__/enhanced-settings.test.ts > Enhanced Settings Functionality > Roles and Permissions > should assign permission to role
Error: Database not available
 ÔØ» Module.createRole server/db.ts:1035:18
    1033| export async function createRole(roleName: string, description?: strinÔÇª
    1034|   const db = await getDb();
    1035|   if (!db) throw new Error("Database not available");
       |                  ^
    1036|   
    1037|   const id = `role_${Date.now()}_${Math.random().toString(36).substr(2ÔÇª
 ÔØ» server/routers/__tests__/enhanced-settings.test.ts:189:22

ÔÄ»ÔÄ»ÔÄ»ÔÄ»ÔÄ»ÔÄ»ÔÄ»ÔÄ»ÔÄ»ÔÄ»ÔÄ»ÔÄ»ÔÄ»ÔÄ»ÔÄ»ÔÄ»ÔÄ»ÔÄ»ÔÄ»ÔÄ»ÔÄ»ÔÄ»[27/51]ÔÄ»

 FAIL  server/routers/__tests__/enhanced-settings.test.ts > Enhanced Settings Functionality > Roles and Permissions > should remove permission from role
Error: Database not available
 ÔØ» Module.createRole server/db.ts:1035:18
    1033| export async function createRole(roleName: string, description?: strinÔÇª
    1034|   const db = await getDb();
    1035|   if (!db) throw new Error("Database not available");
       |                  ^
    1036|   
    1037|   const id = `role_${Date.now()}_${Math.random().toString(36).substr(2ÔÇª
 ÔØ» server/routers/__tests__/enhanced-settings.test.ts:205:22

ÔÄ»ÔÄ»ÔÄ»ÔÄ»ÔÄ»ÔÄ»ÔÄ»ÔÄ»ÔÄ»ÔÄ»ÔÄ»ÔÄ»ÔÄ»ÔÄ»ÔÄ»ÔÄ»ÔÄ»ÔÄ»ÔÄ»ÔÄ»ÔÄ»ÔÄ»[28/51]ÔÄ»

 FAIL  server/routers/__tests__/enhanced-settings.test.ts > Enhanced Settings Functionality > Roles and Permissions > should handle duplicate permission assignments
Error: Database not available
 ÔØ» Module.createRole server/db.ts:1035:18
    1033| export async function createRole(roleName: string, description?: strinÔÇª
    1034|   const db = await getDb();
    1035|   if (!db) throw new Error("Database not available");
       |                  ^
    1036|   
    1037|   const id = `role_${Date.now()}_${Math.random().toString(36).substr(2ÔÇª
 ÔØ» server/routers/__tests__/enhanced-settings.test.ts:220:22

ÔÄ»ÔÄ»ÔÄ»ÔÄ»ÔÄ»ÔÄ»ÔÄ»ÔÄ»ÔÄ»ÔÄ»ÔÄ»ÔÄ»ÔÄ»ÔÄ»ÔÄ»ÔÄ»ÔÄ»ÔÄ»ÔÄ»ÔÄ»ÔÄ»ÔÄ»[29/51]ÔÄ»

 FAIL  server/routers/__tests__/enhanced-settings.test.ts > Enhanced Settings Functionality > Integration Scenarios > should support complete document numbering workflow
Error: Database not available
 ÔØ» Module.updateDocumentNumberFormat server/db.ts:735:18
    733| ) {
    734|   const db = await getDb();
    735|   if (!db) throw new Error("Database not available");
       |                  ^
    736|   
    737|   try {
 ÔØ» server/routers/__tests__/enhanced-settings.test.ts:241:7

ÔÄ»ÔÄ»ÔÄ»ÔÄ»ÔÄ»ÔÄ»ÔÄ»ÔÄ»ÔÄ»ÔÄ»ÔÄ»ÔÄ»ÔÄ»ÔÄ»ÔÄ»ÔÄ»ÔÄ»ÔÄ»ÔÄ»ÔÄ»ÔÄ»ÔÄ»[30/51]ÔÄ»

 FAIL  server/routers/__tests__/enhanced-settings.test.ts > Enhanced Settings Functionality > Integration Scenarios > should support multiple document types independently
Error: Database not available
 ÔØ» Module.updateDocumentNumberFormat server/db.ts:735:18
    733| ) {
    734|   const db = await getDb();
    735|   if (!db) throw new Error("Database not available");
       |                  ^
    736|   
    737|   try {
 ÔØ» server/routers/__tests__/enhanced-settings.test.ts:264:7

ÔÄ»ÔÄ»ÔÄ»ÔÄ»ÔÄ»ÔÄ»ÔÄ»ÔÄ»ÔÄ»ÔÄ»ÔÄ»ÔÄ»ÔÄ»ÔÄ»ÔÄ»ÔÄ»ÔÄ»ÔÄ»ÔÄ»ÔÄ»ÔÄ»ÔÄ»[31/51]ÔÄ»

 FAIL  server/routers/__tests__/modules-simple.test.ts > Module Backend Connectivity - Verification > Expenses Module Structure > should have all required procedures
AssertionError: expected undefined to be defined
 ÔØ» server/routers/__tests__/modules-simple.test.ts:43:35
     41|       expect(procedures.update).toBeDefined();
     42|       expect(procedures.delete).toBeDefined();
     43|       expect(procedures.byStatus).toBeDefined();
       |                                   ^
     44|     });
     45|   });

ÔÄ»ÔÄ»ÔÄ»ÔÄ»ÔÄ»ÔÄ»ÔÄ»ÔÄ»ÔÄ»ÔÄ»ÔÄ»ÔÄ»ÔÄ»ÔÄ»ÔÄ»ÔÄ»ÔÄ»ÔÄ»ÔÄ»ÔÄ»ÔÄ»ÔÄ»[32/51]ÔÄ»

 FAIL  server/routers/__tests__/modules.test.ts > Module Backend Connectivity > Expenses Module > should have byStatus procedure
AssertionError: expected undefined to be defined
 ÔØ» server/routers/__tests__/modules.test.ts:46:55
     44| 
     45|     it("should have byStatus procedure", () => {
     46|       expect(expensesRouter._def.procedures.byStatus).toBeDefined();
       |                                                       ^
     47|     });
     48|   });

ÔÄ»ÔÄ»ÔÄ»ÔÄ»ÔÄ»ÔÄ»ÔÄ»ÔÄ»ÔÄ»ÔÄ»ÔÄ»ÔÄ»ÔÄ»ÔÄ»ÔÄ»ÔÄ»ÔÄ»ÔÄ»ÔÄ»ÔÄ»ÔÄ»ÔÄ»[33/51]ÔÄ»

 FAIL  server/routers/__tests__/modules.test.ts > Module Backend Connectivity > Additional Query Procedures > Expenses should have byStatus query
AssertionError: expected undefined to be defined
 ÔØ» server/routers/__tests__/modules.test.ts:236:55
    234|   describe("Additional Query Procedures", () => {
    235|     it("Expenses should have byStatus query", () => {
    236|       expect(expensesRouter._def.procedures.byStatus).toBeDefined();
       |                                                       ^
    237|     });
    238| 

ÔÄ»ÔÄ»ÔÄ»ÔÄ»ÔÄ»ÔÄ»ÔÄ»ÔÄ»ÔÄ»ÔÄ»ÔÄ»ÔÄ»ÔÄ»ÔÄ»ÔÄ»ÔÄ»ÔÄ»ÔÄ»ÔÄ»ÔÄ»ÔÄ»ÔÄ»[34/51]ÔÄ»

 FAIL  server/routers/__tests__/settings.test.ts > Settings Router - Document Numbering > getNextDocumentNumber > should generate the first invoice number with default prefix
AssertionError: expected undefined to be 'INV-000001' // Object.is equality

- Expected: 
"INV-000001"

+ Received: 
undefined

 ÔØ» server/routers/__tests__/settings.test.ts:30:22
     28|       const result = await db.getNextDocumentNumber('invoice');
     29| 
     30|       expect(result).toBe('INV-000001');
       |                      ^
     31|       expect(db.setSetting).toHaveBeenCalledWith('invoice_next', '2', ÔÇª
     32|     });

ÔÄ»ÔÄ»ÔÄ»ÔÄ»ÔÄ»ÔÄ»ÔÄ»ÔÄ»ÔÄ»ÔÄ»ÔÄ»ÔÄ»ÔÄ»ÔÄ»ÔÄ»ÔÄ»ÔÄ»ÔÄ»ÔÄ»ÔÄ»ÔÄ»ÔÄ»[35/51]ÔÄ»

 FAIL  server/routers/__tests__/settings.test.ts > Settings Router - Document Numbering > getNextDocumentNumber > should increment invoice number correctly
AssertionError: expected undefined to be 'INV-000005' // Object.is equality

- Expected: 
"INV-000005"

+ Received: 
undefined

 ÔØ» server/routers/__tests__/settings.test.ts:42:22
     40|       const result = await db.getNextDocumentNumber('invoice');
     41| 
     42|       expect(result).toBe('INV-000005');
       |                      ^
     43|       expect(db.setSetting).toHaveBeenCalledWith('invoice_next', '6', ÔÇª
     44|     });

ÔÄ»ÔÄ»ÔÄ»ÔÄ»ÔÄ»ÔÄ»ÔÄ»ÔÄ»ÔÄ»ÔÄ»ÔÄ»ÔÄ»ÔÄ»ÔÄ»ÔÄ»ÔÄ»ÔÄ»ÔÄ»ÔÄ»ÔÄ»ÔÄ»ÔÄ»[36/51]ÔÄ»

 FAIL  server/routers/__tests__/settings.test.ts > Settings Router - Document Numbering > getNextDocumentNumber > should generate estimate numbers with EST- prefix
AssertionError: expected undefined to be 'EST-000001' // Object.is equality

- Expected: 
"EST-000001"

+ Received: 
undefined

 ÔØ» server/routers/__tests__/settings.test.ts:53:22
     51|       const result = await db.getNextDocumentNumber('estimate');
     52| 
     53|       expect(result).toBe('EST-000001');
       |                      ^
     54|     });
     55| 

ÔÄ»ÔÄ»ÔÄ»ÔÄ»ÔÄ»ÔÄ»ÔÄ»ÔÄ»ÔÄ»ÔÄ»ÔÄ»ÔÄ»ÔÄ»ÔÄ»ÔÄ»ÔÄ»ÔÄ»ÔÄ»ÔÄ»ÔÄ»ÔÄ»ÔÄ»[37/51]ÔÄ»

 FAIL  server/routers/__tests__/settings.test.ts > Settings Router - Document Numbering > getNextDocumentNumber > should generate receipt numbers with REC- prefix
AssertionError: expected undefined to be 'REC-000001' // Object.is equality

- Expected: 
"REC-000001"

+ Received: 
undefined

 ÔØ» server/routers/__tests__/settings.test.ts:63:22
     61|       const result = await db.getNextDocumentNumber('receipt');
     62| 
     63|       expect(result).toBe('REC-000001');
       |                      ^
     64|     });
     65| 

ÔÄ»ÔÄ»ÔÄ»ÔÄ»ÔÄ»ÔÄ»ÔÄ»ÔÄ»ÔÄ»ÔÄ»ÔÄ»ÔÄ»ÔÄ»ÔÄ»ÔÄ»ÔÄ»ÔÄ»ÔÄ»ÔÄ»ÔÄ»ÔÄ»ÔÄ»[38/51]ÔÄ»

 FAIL  server/routers/__tests__/settings.test.ts > Settings Router - Document Numbering > getNextDocumentNumber > should generate proposal numbers with PROP- prefix
AssertionError: expected undefined to be 'PROP-000001' // Object.is equality

- Expected: 
"PROP-000001"

+ Received: 
undefined

 ÔØ» server/routers/__tests__/settings.test.ts:73:22
     71|       const result = await db.getNextDocumentNumber('proposal');
     72| 
     73|       expect(result).toBe('PROP-000001');
       |                      ^
     74|     });
     75| 

ÔÄ»ÔÄ»ÔÄ»ÔÄ»ÔÄ»ÔÄ»ÔÄ»ÔÄ»ÔÄ»ÔÄ»ÔÄ»ÔÄ»ÔÄ»ÔÄ»ÔÄ»ÔÄ»ÔÄ»ÔÄ»ÔÄ»ÔÄ»ÔÄ»ÔÄ»[39/51]ÔÄ»

 FAIL  server/routers/__tests__/settings.test.ts > Settings Router - Document Numbering > getNextDocumentNumber > should generate expense numbers with EXP- prefix
AssertionError: expected undefined to be 'EXP-000001' // Object.is equality

- Expected: 
"EXP-000001"

+ Received: 
undefined

 ÔØ» server/routers/__tests__/settings.test.ts:83:22
     81|       const result = await db.getNextDocumentNumber('expense');
     82| 
     83|       expect(result).toBe('EXP-000001');
       |                      ^
     84|     });
     85| 

ÔÄ»ÔÄ»ÔÄ»ÔÄ»ÔÄ»ÔÄ»ÔÄ»ÔÄ»ÔÄ»ÔÄ»ÔÄ»ÔÄ»ÔÄ»ÔÄ»ÔÄ»ÔÄ»ÔÄ»ÔÄ»ÔÄ»ÔÄ»ÔÄ»ÔÄ»[40/51]ÔÄ»

 FAIL  server/routers/__tests__/settings.test.ts > Settings Router - Document Numbering > getNextDocumentNumber > should handle custom prefix
AssertionError: expected undefined to be 'CUSTOM-000010' // Object.is equality

- Expected: 
"CUSTOM-000010"

+ Received: 
undefined

 ÔØ» server/routers/__tests__/settings.test.ts:93:22
     91|       const result = await db.getNextDocumentNumber('invoice');
     92| 
     93|       expect(result).toBe('CUSTOM-000010');
       |                      ^
     94|     });
     95| 

ÔÄ»ÔÄ»ÔÄ»ÔÄ»ÔÄ»ÔÄ»ÔÄ»ÔÄ»ÔÄ»ÔÄ»ÔÄ»ÔÄ»ÔÄ»ÔÄ»ÔÄ»ÔÄ»ÔÄ»ÔÄ»ÔÄ»ÔÄ»ÔÄ»ÔÄ»[41/51]ÔÄ»

 FAIL  server/routers/__tests__/settings.test.ts > Settings Router - Document Numbering > getNextDocumentNumber > should pad numbers with leading zeros
AssertionError: expected undefined to be 'INV-000999' // Object.is equality

- Expected: 
"INV-000999"

+ Received: 
undefined

 ÔØ» server/routers/__tests__/settings.test.ts:103:22
    101|       const result = await db.getNextDocumentNumber('invoice');
    102| 
    103|       expect(result).toBe('INV-000999');
       |                      ^
    104|     });
    105| 

ÔÄ»ÔÄ»ÔÄ»ÔÄ»ÔÄ»ÔÄ»ÔÄ»ÔÄ»ÔÄ»ÔÄ»ÔÄ»ÔÄ»ÔÄ»ÔÄ»ÔÄ»ÔÄ»ÔÄ»ÔÄ»ÔÄ»ÔÄ»ÔÄ»ÔÄ»[42/51]ÔÄ»

 FAIL  server/routers/__tests__/settings.test.ts > Settings Router - Document Numbering > getNextDocumentNumber > should handle large numbers
AssertionError: expected undefined to be 'INV-1000000' // Object.is equality

- Expected: 
"INV-1000000"

+ Received: 
undefined

 ÔØ» server/routers/__tests__/settings.test.ts:113:22
    111|       const result = await db.getNextDocumentNumber('invoice');
    112| 
    113|       expect(result).toBe('INV-1000000');
       |                      ^
    114|     });
    115|   });

ÔÄ»ÔÄ»ÔÄ»ÔÄ»ÔÄ»ÔÄ»ÔÄ»ÔÄ»ÔÄ»ÔÄ»ÔÄ»ÔÄ»ÔÄ»ÔÄ»ÔÄ»ÔÄ»ÔÄ»ÔÄ»ÔÄ»ÔÄ»ÔÄ»ÔÄ»[43/51]ÔÄ»

 FAIL  server/routers/__tests__/settings.test.ts > Settings Router - Document Numbering > resetDocumentNumberCounter > should reset counter to 1 by default
AssertionError: expected "spy" to be called with arguments: [ 'invoice_next', '1', ÔÇª(1) ]

Received: 



Number of calls: 0

 ÔØ» server/routers/__tests__/settings.test.ts:123:29
    121|       await db.resetDocumentNumberCounter('invoice');
    122| 
    123|       expect(db.setSetting).toHaveBeenCalledWith('invoice_next', '1', ÔÇª
       |                             ^
    124|     });
    125| 

ÔÄ»ÔÄ»ÔÄ»ÔÄ»ÔÄ»ÔÄ»ÔÄ»ÔÄ»ÔÄ»ÔÄ»ÔÄ»ÔÄ»ÔÄ»ÔÄ»ÔÄ»ÔÄ»ÔÄ»ÔÄ»ÔÄ»ÔÄ»ÔÄ»ÔÄ»[44/51]ÔÄ»

 FAIL  server/routers/__tests__/settings.test.ts > Settings Router - Document Numbering > resetDocumentNumberCounter > should reset counter to custom start number
AssertionError: expected "spy" to be called with arguments: [ 'invoice_next', '100', ÔÇª(1) ]

Received: 



Number of calls: 0

 ÔØ» server/routers/__tests__/settings.test.ts:131:29
    129|       await db.resetDocumentNumberCounter('invoice', 100);
    130| 
    131|       expect(db.setSetting).toHaveBeenCalledWith('invoice_next', '100'ÔÇª
       |                             ^
    132|     });
    133|   });

ÔÄ»ÔÄ»ÔÄ»ÔÄ»ÔÄ»ÔÄ»ÔÄ»ÔÄ»ÔÄ»ÔÄ»ÔÄ»ÔÄ»ÔÄ»ÔÄ»ÔÄ»ÔÄ»ÔÄ»ÔÄ»ÔÄ»ÔÄ»ÔÄ»ÔÄ»[45/51]ÔÄ»

 FAIL  server/routers/__tests__/settings.test.ts > Settings Router - Document Numbering > getDocumentNumberingSettings > should return all document numbering settings
AssertionError: expected undefined to deeply equal { invoice_prefix: 'INV-', ÔÇª(3) }

- Expected: 
Object {
  "estimate_next": "10",
  "estimate_prefix": "EST-",
  "invoice_next": "5",
  "invoice_prefix": "INV-",
}

+ Received: 
undefined

 ÔØ» server/routers/__tests__/settings.test.ts:148:22
    146|       const result = await db.getDocumentNumberingSettings();
    147| 
    148|       expect(result).toEqual({
       |                      ^
    149|         invoice_prefix: 'INV-',
    150|         invoice_next: '5',

ÔÄ»ÔÄ»ÔÄ»ÔÄ»ÔÄ»ÔÄ»ÔÄ»ÔÄ»ÔÄ»ÔÄ»ÔÄ»ÔÄ»ÔÄ»ÔÄ»ÔÄ»ÔÄ»ÔÄ»ÔÄ»ÔÄ»ÔÄ»ÔÄ»ÔÄ»[46/51]ÔÄ»

 FAIL  server/routers/__tests__/settings.test.ts > Settings Router - Document Numbering > getDocumentNumberingSettings > should return empty object when no settings found
AssertionError: expected undefined to deeply equal {}

- Expected: 
Object {}

+ Received: 
undefined

 ÔØ» server/routers/__tests__/settings.test.ts:161:22
    159|       const result = await db.getDocumentNumberingSettings();
    160| 
    161|       expect(result).toEqual({});
       |                      ^
    162|     });
    163|   });

ÔÄ»ÔÄ»ÔÄ»ÔÄ»ÔÄ»ÔÄ»ÔÄ»ÔÄ»ÔÄ»ÔÄ»ÔÄ»ÔÄ»ÔÄ»ÔÄ»ÔÄ»ÔÄ»ÔÄ»ÔÄ»ÔÄ»ÔÄ»ÔÄ»ÔÄ»[47/51]ÔÄ»

 FAIL  server/routers/__tests__/settings.test.ts > Settings Router - Document Numbering > getSetting > should retrieve a setting by key
AssertionError: expected null to deeply equal { id: 'set_123', ÔÇª(2) }

- Expected: 
Object {
  "id": "set_123",
  "key": "invoice_prefix",
  "value": "INV-",
}

+ Received: 
null

 ÔØ» server/routers/__tests__/settings.test.ts:193:22
    191|       const result = await db.getSetting('invoice_prefix');
    192| 
    193|       expect(result).toEqual(mockSetting);
       |                      ^
    194|     });
    195| 

ÔÄ»ÔÄ»ÔÄ»ÔÄ»ÔÄ»ÔÄ»ÔÄ»ÔÄ»ÔÄ»ÔÄ»ÔÄ»ÔÄ»ÔÄ»ÔÄ»ÔÄ»ÔÄ»ÔÄ»ÔÄ»ÔÄ»ÔÄ»ÔÄ»ÔÄ»[48/51]ÔÄ»

 FAIL  server/routers/__tests__/settings.test.ts > Settings Router - Document Numbering > getSettingsByCategory > should retrieve all settings in a category
AssertionError: expected [ ÔÇª(4) ] to deeply equal [ { id: 'set_1', ÔÇª(3) }, ÔÇª(1) ]

- Expected
+ Received

  Array [
    Object {
-     "category": "document_numbering",
-     "id": "set_1",
      "key": "invoice_prefix",
      "value": "INV-",
    },
    Object {
-     "category": "document_numbering",
-     "id": "set_2",
      "key": "invoice_next",
      "value": "5",
+   },
+   Object {
+     "key": "estimate_prefix",
+     "value": "EST-",
+   },
+   Object {
+     "key": "estimate_next",
+     "value": "10",
    },
  ]

 ÔØ» server/routers/__tests__/settings.test.ts:215:22
    213|       const result = await db.getSettingsByCategory('document_numberinÔÇª
    214| 
    215|       expect(result).toEqual(mockSettings);
       |                      ^
    216|       expect(result).toHaveLength(2);
    217|     });

ÔÄ»ÔÄ»ÔÄ»ÔÄ»ÔÄ»ÔÄ»ÔÄ»ÔÄ»ÔÄ»ÔÄ»ÔÄ»ÔÄ»ÔÄ»ÔÄ»ÔÄ»ÔÄ»ÔÄ»ÔÄ»ÔÄ»ÔÄ»ÔÄ»ÔÄ»[49/51]ÔÄ»

[2m Test Files [22m [1m[31m7 failed[39m[22m[2m | [22m[1m[32m4 passed[39m[22m[90m (11)[39m
[2m      Tests [22m [1m[31m51 failed[39m[22m[2m | [22m[1m[32m223 passed[39m[22m[90m (274)[39m
[2m   Start at [22m 21:16:03
[2m   Duration [22m 44.70s[2m (transform 21.44s, setup 0ms, collect 28.72s, tests 44.37s, environment 6ms, prepare 11.89s)[22m

ÔÇëELIFECYCLEÔÇë Test failed. See above for more details.
